

================================================================
== Vitis HLS Report for 'Bytes2AXIMMvideo'
================================================================
* Date:           Wed Jun 19 16:41:01 2024

* Version:        2023.2.2 (Build 4101106 on Feb  9 2024)
* Project:        prj
* Solution:       sol (Vivado IP Flow Target)
* Product family: zynq
* Target device:  xc7z020-clg400-1


================================================================
== Performance Estimates
================================================================
+ Timing: 
    * Summary: 
    +--------+----------+----------+------------+
    |  Clock |  Target  | Estimated| Uncertainty|
    +--------+----------+----------+------------+
    |ap_clk  |  10.00 ns|  7.300 ns|     2.70 ns|
    +--------+----------+----------+------------+

+ Latency: 
    * Summary: 
    +---------+----------+-----------+-----------+-----+----------+---------+
    |  Latency (cycles)  |   Latency (absolute)  |    Interval    | Pipeline|
    |   min   |    max   |    min    |    max    | min |    max   |   Type  |
    +---------+----------+-----------+-----------+-----+----------+---------+
    |        1|  71733601|  10.000 ns|  0.717 sec|    1|  71733601|       no|
    +---------+----------+-----------+-----------+-----+----------+---------+

    + Detail: 
        * Instance: 
        +--------------------------------------------------------+---------------------------------------------+---------+---------+-----------+-----------+-----+------+---------+
        |                                                        |                                             |  Latency (cycles) |   Latency (absolute)  |  Interval  | Pipeline|
        |                        Instance                        |                    Module                   |   min   |   max   |    min    |    max    | min |  max |   Type  |
        +--------------------------------------------------------+---------------------------------------------+---------+---------+-----------+-----------+-----+------+---------+
        |grp_Bytes2AXIMMvideo_Pipeline_VITIS_LOOP_1316_1_fu_202  |Bytes2AXIMMvideo_Pipeline_VITIS_LOOP_1316_1  |        2|     8195|  20.000 ns|  81.950 us|    2|  8195|       no|
        |grp_Bytes2AXIMMvideo_Pipeline_VITIS_LOOP_1326_2_fu_212  |Bytes2AXIMMvideo_Pipeline_VITIS_LOOP_1326_2  |        2|     8195|  20.000 ns|  81.950 us|    2|  8195|       no|
        +--------------------------------------------------------+---------------------------------------------+---------+---------+-----------+-----------+-----+------+---------+

        * Loop: 
        +---------------------------------+---------+----------+-------------+-----------+-----------+----------+----------+
        |                                 |  Latency (cycles)  |  Iteration  |  Initiation Interval  |   Trip   |          |
        |            Loop Name            |   min   |    max   |   Latency   |  achieved |   target  |   Count  | Pipelined|
        +---------------------------------+---------+----------+-------------+-----------+-----------+----------+----------+
        |- loop_Bytes2AXIMMvideo_2planes  |        0|  71733600|  111 ~ 16605|          -|          -|  0 ~ 4320|        no|
        +---------------------------------+---------+----------+-------------+-----------+-----------+----------+----------+



================================================================
== Utilization Estimates
================================================================
* Summary: 
+-----------------+---------+-----+--------+-------+-----+
|       Name      | BRAM_18K| DSP |   FF   |  LUT  | URAM|
+-----------------+---------+-----+--------+-------+-----+
|DSP              |        -|    -|       -|      -|    -|
|Expression       |        -|    -|       0|    386|    -|
|FIFO             |        -|    -|       -|      -|    -|
|Instance         |        -|    -|     164|    176|    -|
|Memory           |        -|    -|       -|      -|    -|
|Multiplexer      |        -|    -|       -|   1549|    -|
|Register         |        -|    -|     503|      -|    -|
+-----------------+---------+-----+--------+-------+-----+
|Total            |        0|    0|     667|   2111|    0|
+-----------------+---------+-----+--------+-------+-----+
|Available        |      280|  220|  106400|  53200|    0|
+-----------------+---------+-----+--------+-------+-----+
|Utilization (%)  |        0|    0|      ~0|      3|    0|
+-----------------+---------+-----+--------+-------+-----+

+ Detail: 
    * Instance: 
    +--------------------------------------------------------+---------------------------------------------+---------+----+----+----+-----+
    |                        Instance                        |                    Module                   | BRAM_18K| DSP| FF | LUT| URAM|
    +--------------------------------------------------------+---------------------------------------------+---------+----+----+----+-----+
    |grp_Bytes2AXIMMvideo_Pipeline_VITIS_LOOP_1316_1_fu_202  |Bytes2AXIMMvideo_Pipeline_VITIS_LOOP_1316_1  |        0|   0|  82|  88|    0|
    |grp_Bytes2AXIMMvideo_Pipeline_VITIS_LOOP_1326_2_fu_212  |Bytes2AXIMMvideo_Pipeline_VITIS_LOOP_1326_2  |        0|   0|  82|  88|    0|
    +--------------------------------------------------------+---------------------------------------------+---------+----+----+----+-----+
    |Total                                                   |                                             |        0|   0| 164| 176|    0|
    +--------------------------------------------------------+---------------------------------------------+---------+----+----+----+-----+

    * DSP: 
    N/A

    * Memory: 
    N/A

    * FIFO: 
    N/A

    * Expression: 
    +---------------------------------------+----------+----+---+----+------------+------------+
    |             Variable Name             | Operation| DSP| FF| LUT| Bitwidth P0| Bitwidth P1|
    +---------------------------------------+----------+----+---+----+------------+------------+
    |add_ln1316_fu_388_p2                   |         +|   0|  0|  39|          32|          32|
    |add_ln1322_fu_403_p2                   |         +|   0|  0|  32|          25|          25|
    |add_ln1326_fu_481_p2                   |         +|   0|  0|  39|          32|          32|
    |offsetUV_1_fu_496_p2                   |         +|   0|  0|  39|          32|          32|
    |p_off_fu_276_p2                        |         +|   0|  0|  14|           7|           7|
    |sub_fu_230_p2                          |         +|   0|  0|  23|          16|           3|
    |y_10_fu_363_p2                         |         +|   0|  0|  12|          12|           1|
    |ap_block_state216                      |       and|   0|  0|   2|           1|           1|
    |cmp40_fu_334_p2                        |       and|   0|  0|   2|           1|           1|
    |cmp36_fu_270_p2                        |      icmp|   0|  0|  14|           6|           6|
    |cmp58_fu_264_p2                        |      icmp|   0|  0|  14|           6|           6|
    |empty_133_fu_294_p2                    |      icmp|   0|  0|  14|           6|           5|
    |empty_134_fu_300_p2                    |      icmp|   0|  0|  14|           6|           6|
    |empty_139_fu_418_p2                    |      icmp|   0|  0|  14|           6|           6|
    |empty_141_fu_428_p2                    |      icmp|   0|  0|  14|           6|           6|
    |empty_143_fu_439_p2                    |      icmp|   0|  0|  14|           6|           5|
    |empty_145_fu_450_p2                    |      icmp|   0|  0|  14|           6|           5|
    |empty_147_fu_461_p2                    |      icmp|   0|  0|  14|           6|           2|
    |icmp_ln1312_fu_358_p2                  |      icmp|   0|  0|  12|          12|          12|
    |not_switch_fu_328_p2                   |      icmp|   0|  0|  14|           7|           2|
    |ap_block_state1                        |        or|   0|  0|   2|           1|           1|
    |ap_predicate_op514_writeresp_state216  |        or|   0|  0|   2|           1|           1|
    |empty_132_fu_288_p2                    |        or|   0|  0|   6|           3|           6|
    |empty_140_fu_423_p2                    |        or|   0|  0|   2|           1|           1|
    |empty_142_fu_433_p2                    |        or|   0|  0|   2|           1|           1|
    |empty_144_fu_444_p2                    |        or|   0|  0|   2|           1|           1|
    |empty_146_fu_455_p2                    |        or|   0|  0|   2|           1|           1|
    |empty_148_fu_466_p2                    |        or|   0|  0|   2|           1|           1|
    |empty_fu_282_p2                        |        or|   0|  0|   6|           1|           6|
    |spec_select21_fu_318_p2                |        or|   0|  0|   2|           1|           1|
    |tmp1_fu_312_p2                         |        or|   0|  0|   2|           1|           1|
    |tmp_fu_306_p2                          |        or|   0|  0|   2|           1|           1|
    +---------------------------------------+----------+----+---+----+------------+------------+
    |Total                                  |          |   0|  0| 386|         245|         217|
    +---------------------------------------+----------+----+---+----+------------+------------+

    * Multiplexer: 
    +-------------------------+------+-----------+-----+-----------+
    |           Name          |  LUT | Input Size| Bits| Total Bits|
    +-------------------------+------+-----------+-----+-----------+
    |WidthInBytes_val_blk_n   |     9|          2|    1|          2|
    |ap_NS_fsm                |  1155|        217|    1|        217|
    |ap_done                  |     9|          2|    1|          2|
    |bytePlanes_plane0_read   |     9|          2|    1|          2|
    |bytePlanes_plane1_read   |     9|          2|    1|          2|
    |dstImg2_blk_n            |     9|          2|    1|          2|
    |dstImg_blk_n             |     9|          2|    1|          2|
    |m_axi_mm_video_AWADDR    |    25|          5|   32|        160|
    |m_axi_mm_video_AWBURST   |    14|          3|    2|          6|
    |m_axi_mm_video_AWCACHE   |    14|          3|    4|         12|
    |m_axi_mm_video_AWID      |    14|          3|    1|          3|
    |m_axi_mm_video_AWLEN     |    20|          4|   32|        128|
    |m_axi_mm_video_AWLOCK    |    14|          3|    2|          6|
    |m_axi_mm_video_AWPROT    |    14|          3|    3|          9|
    |m_axi_mm_video_AWQOS     |    14|          3|    4|         12|
    |m_axi_mm_video_AWREGION  |    14|          3|    4|         12|
    |m_axi_mm_video_AWSIZE    |    14|          3|    3|          9|
    |m_axi_mm_video_AWUSER    |    14|          3|    1|          3|
    |m_axi_mm_video_AWVALID   |    20|          4|    1|          4|
    |m_axi_mm_video_BREADY    |    20|          4|    1|          4|
    |m_axi_mm_video_WDATA     |    14|          3|   64|        192|
    |m_axi_mm_video_WID       |    14|          3|    1|          3|
    |m_axi_mm_video_WLAST     |    14|          3|    1|          3|
    |m_axi_mm_video_WSTRB     |    14|          3|    8|         24|
    |m_axi_mm_video_WUSER     |    14|          3|    1|          3|
    |m_axi_mm_video_WVALID    |    14|          3|    1|          3|
    |mm_video_blk_n_AW        |     9|          2|    1|          2|
    |mm_video_blk_n_B         |     9|          2|    1|          2|
    |offsetUV_fu_148          |     9|          2|   32|         64|
    |offsetY_fu_144           |     9|          2|   25|         50|
    |y_fu_140                 |     9|          2|   12|         24|
    +-------------------------+------+-----------+-----+-----------+
    |Total                    |  1549|        301|  244|        967|
    +-------------------------+------+-----------+-----+-----------+

    * Register: 
    +---------------------------------------------------------------------+-----+----+-----+-----------+
    |                                 Name                                |  FF | LUT| Bits| Const Bits|
    +---------------------------------------------------------------------+-----+----+-----+-----------+
    |add_ln1322_reg_618                                                   |   25|   0|   25|          0|
    |ap_CS_fsm                                                            |  216|   0|  216|          0|
    |ap_done_reg                                                          |    1|   0|    1|          0|
    |cmp40_reg_596                                                        |    1|   0|    1|          0|
    |cmp58_reg_586                                                        |    1|   0|    1|          0|
    |div8_cast2_reg_581                                                   |   13|   0|   32|         19|
    |div8_cast6_reg_591                                                   |   13|   0|   25|         12|
    |div_cast1_reg_575                                                    |   13|   0|   32|         19|
    |div_reg_569                                                          |   13|   0|   13|          0|
    |dstImg2_read_reg_559                                                 |   32|   0|   32|          0|
    |dstImg_read_reg_564                                                  |   32|   0|   32|          0|
    |empty_148_reg_628                                                    |    1|   0|    1|          0|
    |grp_Bytes2AXIMMvideo_Pipeline_VITIS_LOOP_1316_1_fu_202_ap_start_reg  |    1|   0|    1|          0|
    |grp_Bytes2AXIMMvideo_Pipeline_VITIS_LOOP_1326_2_fu_212_ap_start_reg  |    1|   0|    1|          0|
    |offsetUV_fu_148                                                      |   32|   0|   32|          0|
    |offsetY_fu_144                                                       |   25|   0|   25|          0|
    |trunc_ln1312_reg_608                                                 |    1|   0|    1|          0|
    |trunc_ln4_reg_612                                                    |   29|   0|   29|          0|
    |trunc_ln5_reg_632                                                    |   29|   0|   29|          0|
    |y_10_reg_603                                                         |   12|   0|   12|          0|
    |y_fu_140                                                             |   12|   0|   12|          0|
    +---------------------------------------------------------------------+-----+----+-----+-----------+
    |Total                                                                |  503|   0|  553|         50|
    +---------------------------------------------------------------------+-----+----+-----+-----------+



================================================================
== Interface
================================================================
* Summary: 
+----------------------------------+-----+-----+------------+-------------------+--------------+
|             RTL Ports            | Dir | Bits|  Protocol  |   Source Object   |    C Type    |
+----------------------------------+-----+-----+------------+-------------------+--------------+
|ap_clk                            |   in|    1|  ap_ctrl_hs|   Bytes2AXIMMvideo|  return value|
|ap_rst                            |   in|    1|  ap_ctrl_hs|   Bytes2AXIMMvideo|  return value|
|ap_start                          |   in|    1|  ap_ctrl_hs|   Bytes2AXIMMvideo|  return value|
|ap_done                           |  out|    1|  ap_ctrl_hs|   Bytes2AXIMMvideo|  return value|
|ap_continue                       |   in|    1|  ap_ctrl_hs|   Bytes2AXIMMvideo|  return value|
|ap_idle                           |  out|    1|  ap_ctrl_hs|   Bytes2AXIMMvideo|  return value|
|ap_ready                          |  out|    1|  ap_ctrl_hs|   Bytes2AXIMMvideo|  return value|
|bytePlanes_plane0_dout            |   in|   64|     ap_fifo|  bytePlanes_plane0|       pointer|
|bytePlanes_plane0_num_data_valid  |   in|   11|     ap_fifo|  bytePlanes_plane0|       pointer|
|bytePlanes_plane0_fifo_cap        |   in|   11|     ap_fifo|  bytePlanes_plane0|       pointer|
|bytePlanes_plane0_empty_n         |   in|    1|     ap_fifo|  bytePlanes_plane0|       pointer|
|bytePlanes_plane0_read            |  out|    1|     ap_fifo|  bytePlanes_plane0|       pointer|
|bytePlanes_plane1_dout            |   in|   64|     ap_fifo|  bytePlanes_plane1|       pointer|
|bytePlanes_plane1_num_data_valid  |   in|   11|     ap_fifo|  bytePlanes_plane1|       pointer|
|bytePlanes_plane1_fifo_cap        |   in|   11|     ap_fifo|  bytePlanes_plane1|       pointer|
|bytePlanes_plane1_empty_n         |   in|    1|     ap_fifo|  bytePlanes_plane1|       pointer|
|bytePlanes_plane1_read            |  out|    1|     ap_fifo|  bytePlanes_plane1|       pointer|
|m_axi_mm_video_AWVALID            |  out|    1|       m_axi|           mm_video|       pointer|
|m_axi_mm_video_AWREADY            |   in|    1|       m_axi|           mm_video|       pointer|
|m_axi_mm_video_AWADDR             |  out|   32|       m_axi|           mm_video|       pointer|
|m_axi_mm_video_AWID               |  out|    1|       m_axi|           mm_video|       pointer|
|m_axi_mm_video_AWLEN              |  out|   32|       m_axi|           mm_video|       pointer|
|m_axi_mm_video_AWSIZE             |  out|    3|       m_axi|           mm_video|       pointer|
|m_axi_mm_video_AWBURST            |  out|    2|       m_axi|           mm_video|       pointer|
|m_axi_mm_video_AWLOCK             |  out|    2|       m_axi|           mm_video|       pointer|
|m_axi_mm_video_AWCACHE            |  out|    4|       m_axi|           mm_video|       pointer|
|m_axi_mm_video_AWPROT             |  out|    3|       m_axi|           mm_video|       pointer|
|m_axi_mm_video_AWQOS              |  out|    4|       m_axi|           mm_video|       pointer|
|m_axi_mm_video_AWREGION           |  out|    4|       m_axi|           mm_video|       pointer|
|m_axi_mm_video_AWUSER             |  out|    1|       m_axi|           mm_video|       pointer|
|m_axi_mm_video_WVALID             |  out|    1|       m_axi|           mm_video|       pointer|
|m_axi_mm_video_WREADY             |   in|    1|       m_axi|           mm_video|       pointer|
|m_axi_mm_video_WDATA              |  out|   64|       m_axi|           mm_video|       pointer|
|m_axi_mm_video_WSTRB              |  out|    8|       m_axi|           mm_video|       pointer|
|m_axi_mm_video_WLAST              |  out|    1|       m_axi|           mm_video|       pointer|
|m_axi_mm_video_WID                |  out|    1|       m_axi|           mm_video|       pointer|
|m_axi_mm_video_WUSER              |  out|    1|       m_axi|           mm_video|       pointer|
|m_axi_mm_video_ARVALID            |  out|    1|       m_axi|           mm_video|       pointer|
|m_axi_mm_video_ARREADY            |   in|    1|       m_axi|           mm_video|       pointer|
|m_axi_mm_video_ARADDR             |  out|   32|       m_axi|           mm_video|       pointer|
|m_axi_mm_video_ARID               |  out|    1|       m_axi|           mm_video|       pointer|
|m_axi_mm_video_ARLEN              |  out|   32|       m_axi|           mm_video|       pointer|
|m_axi_mm_video_ARSIZE             |  out|    3|       m_axi|           mm_video|       pointer|
|m_axi_mm_video_ARBURST            |  out|    2|       m_axi|           mm_video|       pointer|
|m_axi_mm_video_ARLOCK             |  out|    2|       m_axi|           mm_video|       pointer|
|m_axi_mm_video_ARCACHE            |  out|    4|       m_axi|           mm_video|       pointer|
|m_axi_mm_video_ARPROT             |  out|    3|       m_axi|           mm_video|       pointer|
|m_axi_mm_video_ARQOS              |  out|    4|       m_axi|           mm_video|       pointer|
|m_axi_mm_video_ARREGION           |  out|    4|       m_axi|           mm_video|       pointer|
|m_axi_mm_video_ARUSER             |  out|    1|       m_axi|           mm_video|       pointer|
|m_axi_mm_video_RVALID             |   in|    1|       m_axi|           mm_video|       pointer|
|m_axi_mm_video_RREADY             |  out|    1|       m_axi|           mm_video|       pointer|
|m_axi_mm_video_RDATA              |   in|   64|       m_axi|           mm_video|       pointer|
|m_axi_mm_video_RLAST              |   in|    1|       m_axi|           mm_video|       pointer|
|m_axi_mm_video_RID                |   in|    1|       m_axi|           mm_video|       pointer|
|m_axi_mm_video_RFIFONUM           |   in|    9|       m_axi|           mm_video|       pointer|
|m_axi_mm_video_RUSER              |   in|    1|       m_axi|           mm_video|       pointer|
|m_axi_mm_video_RRESP              |   in|    2|       m_axi|           mm_video|       pointer|
|m_axi_mm_video_BVALID             |   in|    1|       m_axi|           mm_video|       pointer|
|m_axi_mm_video_BREADY             |  out|    1|       m_axi|           mm_video|       pointer|
|m_axi_mm_video_BRESP              |   in|    2|       m_axi|           mm_video|       pointer|
|m_axi_mm_video_BID                |   in|    1|       m_axi|           mm_video|       pointer|
|m_axi_mm_video_BUSER              |   in|    1|       m_axi|           mm_video|       pointer|
|dstImg_dout                       |   in|   32|     ap_fifo|             dstImg|       pointer|
|dstImg_num_data_valid             |   in|    3|     ap_fifo|             dstImg|       pointer|
|dstImg_fifo_cap                   |   in|    3|     ap_fifo|             dstImg|       pointer|
|dstImg_empty_n                    |   in|    1|     ap_fifo|             dstImg|       pointer|
|dstImg_read                       |  out|    1|     ap_fifo|             dstImg|       pointer|
|dstImg2_dout                      |   in|   32|     ap_fifo|            dstImg2|       pointer|
|dstImg2_num_data_valid            |   in|    3|     ap_fifo|            dstImg2|       pointer|
|dstImg2_fifo_cap                  |   in|    3|     ap_fifo|            dstImg2|       pointer|
|dstImg2_empty_n                   |   in|    1|     ap_fifo|            dstImg2|       pointer|
|dstImg2_read                      |  out|    1|     ap_fifo|            dstImg2|       pointer|
|Height_val                        |   in|   12|   ap_stable|         Height_val|        scalar|
|WidthInBytes_val_dout             |   in|   15|     ap_fifo|   WidthInBytes_val|       pointer|
|WidthInBytes_val_num_data_valid   |   in|    3|     ap_fifo|   WidthInBytes_val|       pointer|
|WidthInBytes_val_fifo_cap         |   in|    3|     ap_fifo|   WidthInBytes_val|       pointer|
|WidthInBytes_val_empty_n          |   in|    1|     ap_fifo|   WidthInBytes_val|       pointer|
|WidthInBytes_val_read             |  out|    1|     ap_fifo|   WidthInBytes_val|       pointer|
|StrideInBytes_val                 |   in|   16|   ap_stable|  StrideInBytes_val|        scalar|
|VideoFormat_val                   |   in|    6|   ap_stable|    VideoFormat_val|        scalar|
+----------------------------------+-----+-----+------------+-------------------+--------------+

