

================================================================
== Vitis HLS Report for 'MultiPixStream2Bytes'
================================================================
* Date:           Wed Jun 19 16:40:59 2024

* Version:        2023.2.2 (Build 4101106 on Feb  9 2024)
* Project:        prj
* Solution:       sol (Vivado IP Flow Target)
* Product family: zynq
* Target device:  xc7z020-clg400-1


================================================================
== Performance Estimates
================================================================
+ Timing: 
    * Summary: 
    +--------+----------+----------+------------+
    |  Clock |  Target  | Estimated| Uncertainty|
    +--------+----------+----------+------------+
    |ap_clk  |  10.00 ns|  7.268 ns|     2.70 ns|
    +--------+----------+----------+------------+

+ Latency: 
    * Summary: 
    +---------+-----------+-----------+-----------+-----+-----------+---------+
    |   Latency (cycles)  |   Latency (absolute)  |     Interval    | Pipeline|
    |   min   |    max    |    min    |    max    | min |    max    |   Type  |
    +---------+-----------+-----------+-----------+-----+-----------+---------+
    |        2|  141588002|  20.000 ns|  1.416 sec|    2|  141588002|       no|
    +---------+-----------+-----------+-----------+-----+-----------+---------+

    + Detail: 
        * Instance: 
        +-----------------------------------------------------------+------------------------------------------------+---------+---------+-----------+----------+-----+-------+---------+
        |                                                           |                                                |  Latency (cycles) |  Latency (absolute)  |   Interval  | Pipeline|
        |                          Instance                         |                     Module                     |   min   |   max   |    min    |    max   | min |  max  |   Type  |
        +-----------------------------------------------------------+------------------------------------------------+---------+---------+-----------+----------+-----+-------+---------+
        |grp_MultiPixStream2Bytes_Pipeline_VITIS_LOOP_757_8_fu_208  |MultiPixStream2Bytes_Pipeline_VITIS_LOOP_757_8  |        4|    32772|  40.000 ns|  0.328 ms|    4|  32772|       no|
        |grp_MultiPixStream2Bytes_Pipeline_VITIS_LOOP_716_5_fu_234  |MultiPixStream2Bytes_Pipeline_VITIS_LOOP_716_5  |        4|    16388|  40.000 ns|  0.164 ms|    4|  16388|       no|
        |grp_MultiPixStream2Bytes_Pipeline_VITIS_LOOP_674_1_fu_252  |MultiPixStream2Bytes_Pipeline_VITIS_LOOP_674_1  |        4|    16388|  40.000 ns|  0.164 ms|    4|  16388|       no|
        +-----------------------------------------------------------+------------------------------------------------+---------+---------+-----------+----------+-----+-------+---------+

        * Loop: 
        +------------------------+---------+-----------+-----------+-----------+-----------+----------+----------+
        |                        |   Latency (cycles)  | Iteration |  Initiation Interval  |   Trip   |          |
        |        Loop Name       |   min   |    max    |  Latency  |  achieved |   target  |   Count  | Pipelined|
        +------------------------+---------+-----------+-----------+-----------+-----------+----------+----------+
        |- loop_YUYV8            |        0|   70809120|  7 ~ 16391|          -|          -|  0 ~ 4320|        no|
        |- loop_UYVY8            |        0|   70809120|  7 ~ 16391|          -|          -|  0 ~ 4320|        no|
        |- loop_Y_UV8_Y_UV8_420  |        0|  141588000|  7 ~ 32775|          -|          -|  0 ~ 4320|        no|
        +------------------------+---------+-----------+-----------+-----------+-----------+----------+----------+



================================================================
== Utilization Estimates
================================================================
* Summary: 
+-----------------+---------+-----+--------+-------+-----+
|       Name      | BRAM_18K| DSP |   FF   |  LUT  | URAM|
+-----------------+---------+-----+--------+-------+-----+
|DSP              |        -|    -|       -|      -|    -|
|Expression       |        -|    -|       0|    369|    -|
|FIFO             |        -|    -|       -|      -|    -|
|Instance         |        -|    -|     603|   1070|    -|
|Memory           |        -|    -|       -|      -|    -|
|Multiplexer      |        -|    -|       -|    170|    -|
|Register         |        -|    -|     255|      -|    -|
+-----------------+---------+-----+--------+-------+-----+
|Total            |        0|    0|     858|   1609|    0|
+-----------------+---------+-----+--------+-------+-----+
|Available        |      280|  220|  106400|  53200|    0|
+-----------------+---------+-----+--------+-------+-----+
|Utilization (%)  |        0|    0|      ~0|      3|    0|
+-----------------+---------+-----+--------+-------+-----+

+ Detail: 
    * Instance: 
    +-----------------------------------------------------------+------------------------------------------------+---------+----+-----+-----+-----+
    |                          Instance                         |                     Module                     | BRAM_18K| DSP|  FF | LUT | URAM|
    +-----------------------------------------------------------+------------------------------------------------+---------+----+-----+-----+-----+
    |grp_MultiPixStream2Bytes_Pipeline_VITIS_LOOP_674_1_fu_252  |MultiPixStream2Bytes_Pipeline_VITIS_LOOP_674_1  |        0|   0|  155|  300|    0|
    |grp_MultiPixStream2Bytes_Pipeline_VITIS_LOOP_716_5_fu_234  |MultiPixStream2Bytes_Pipeline_VITIS_LOOP_716_5  |        0|   0|  155|  300|    0|
    |grp_MultiPixStream2Bytes_Pipeline_VITIS_LOOP_757_8_fu_208  |MultiPixStream2Bytes_Pipeline_VITIS_LOOP_757_8  |        0|   0|  293|  470|    0|
    +-----------------------------------------------------------+------------------------------------------------+---------+----+-----+-----+-----+
    |Total                                                      |                                                |        0|   0|  603| 1070|    0|
    +-----------------------------------------------------------+------------------------------------------------+---------+----+-----+-----+-----+

    * DSP: 
    N/A

    * Memory: 
    N/A

    * FIFO: 
    N/A

    * Expression: 
    +-----------------------+----------+----+---+----+------------+------------+
    |     Variable Name     | Operation| DSP| FF| LUT| Bitwidth P0| Bitwidth P1|
    +-----------------------+----------+----+---+----+------------+------------+
    |add_ln658_fu_471_p2    |         +|   0|  0|  23|          16|           3|
    |add_ln700_fu_401_p2    |         +|   0|  0|  23|          16|           3|
    |add_ln741_fu_291_p2    |         +|   0|  0|  23|          16|           3|
    |sub122_fu_429_p2       |         +|   0|  0|  14|          13|           2|
    |sub213_fu_325_p2       |         +|   0|  0|  14|          13|           2|
    |sub44_fu_499_p2        |         +|   0|  0|  14|          13|           2|
    |y_4_fu_600_p2          |         +|   0|  0|  12|          12|           1|
    |y_6_fu_575_p2          |         +|   0|  0|  12|          12|           1|
    |y_8_fu_546_p2          |         +|   0|  0|  12|          12|           1|
    |cmp125_2_fu_457_p2     |      icmp|   0|  0|  11|           3|           2|
    |cmp125_fu_435_p2       |      icmp|   0|  0|  11|           3|           1|
    |cmp216_2_fu_353_p2     |      icmp|   0|  0|  13|           4|           2|
    |cmp216_4_fu_375_p2     |      icmp|   0|  0|  13|           4|           3|
    |cmp216_5_fu_381_p2     |      icmp|   0|  0|  13|           4|           3|
    |cmp216_6_fu_387_p2     |      icmp|   0|  0|  13|           4|           3|
    |cmp216_fu_331_p2       |      icmp|   0|  0|  13|           4|           1|
    |cmp47_2_fu_527_p2      |      icmp|   0|  0|  11|           3|           2|
    |cmp47_fu_505_p2        |      icmp|   0|  0|  11|           3|           1|
    |grp_fu_279_p2          |      icmp|   0|  0|  10|           2|           1|
    |icmp10_fu_451_p2       |      icmp|   0|  0|  10|           2|           1|
    |icmp13_fu_347_p2       |      icmp|   0|  0|  11|           3|           1|
    |icmp16_fu_369_p2       |      icmp|   0|  0|  10|           2|           1|
    |icmp_fu_521_p2         |      icmp|   0|  0|  10|           2|           1|
    |icmp_ln670_fu_595_p2   |      icmp|   0|  0|  12|          12|          12|
    |icmp_ln712_fu_570_p2   |      icmp|   0|  0|  12|          12|          12|
    |icmp_ln745_fu_311_p2   |      icmp|   0|  0|  11|           3|           1|
    |icmp_ln753_fu_541_p2   |      icmp|   0|  0|  12|          12|          12|
    |ap_block_state1        |        or|   0|  0|   2|           1|           1|
    |remainPix_1_fu_491_p3  |    select|   0|  0|   4|           1|           4|
    |remainPix_3_fu_421_p3  |    select|   0|  0|   4|           1|           4|
    |remainPix_5_fu_317_p3  |    select|   0|  0|   5|           1|           5|
    +-----------------------+----------+----+---+----+------------+------------+
    |Total                  |          |   0|  0| 369|         209|          92|
    +-----------------------+----------+----+---+----+------------+------------+

    * Multiplexer: 
    +---------------------------+----+-----------+-----+-----------+
    |            Name           | LUT| Input Size| Bits| Total Bits|
    +---------------------------+----+-----------+-----+-----------+
    |WidthInBytes_val2_c_blk_n  |   9|          2|    1|          2|
    |WidthInBytes_val_blk_n     |   9|          2|    1|          2|
    |ap_NS_fsm                  |  53|         10|    1|         10|
    |ap_done                    |   9|          2|    1|          2|
    |bytePlanes_plane0_din      |  14|          3|   64|        192|
    |bytePlanes_plane0_write    |  20|          4|    1|          4|
    |bytePlanes_plane1_write    |   9|          2|    1|          2|
    |img_read                   |  20|          4|    1|          4|
    |y_1_fu_158                 |   9|          2|   12|         24|
    |y_2_fu_146                 |   9|          2|   12|         24|
    |y_fu_170                   |   9|          2|   12|         24|
    +---------------------------+----+-----------+-----+-----------+
    |Total                      | 170|         35|  107|        290|
    +---------------------------+----+-----------+-----+-----------+

    * Register: 
    +------------------------------------------------------------------------+----+----+-----+-----------+
    |                                  Name                                  | FF | LUT| Bits| Const Bits|
    +------------------------------------------------------------------------+----+----+-----+-----------+
    |ap_CS_fsm                                                               |   9|   0|    9|          0|
    |ap_done_reg                                                             |   1|   0|    1|          0|
    |cmp125_2_reg_751                                                        |   1|   0|    1|          0|
    |cmp125_reg_741                                                          |   1|   0|    1|          0|
    |cmp216_2_reg_682                                                        |   1|   0|    1|          0|
    |cmp216_4_reg_692                                                        |   1|   0|    1|          0|
    |cmp216_5_reg_697                                                        |   1|   0|    1|          0|
    |cmp216_6_reg_702                                                        |   1|   0|    1|          0|
    |cmp216_reg_672                                                          |   1|   0|    1|          0|
    |cmp47_2_reg_800                                                         |   1|   0|    1|          0|
    |cmp47_reg_790                                                           |   1|   0|    1|          0|
    |grp_MultiPixStream2Bytes_Pipeline_VITIS_LOOP_674_1_fu_252_ap_start_reg  |   1|   0|    1|          0|
    |grp_MultiPixStream2Bytes_Pipeline_VITIS_LOOP_716_5_fu_234_ap_start_reg  |   1|   0|    1|          0|
    |grp_MultiPixStream2Bytes_Pipeline_VITIS_LOOP_757_8_fu_208_ap_start_reg  |   1|   0|    1|          0|
    |icmp10_reg_746                                                          |   1|   0|    1|          0|
    |icmp13_reg_677                                                          |   1|   0|    1|          0|
    |icmp16_reg_687                                                          |   1|   0|    1|          0|
    |icmp_ln662_reg_780                                                      |   1|   0|    1|          0|
    |icmp_ln704_reg_731                                                      |   1|   0|    1|          0|
    |icmp_ln745_reg_662                                                      |   1|   0|    1|          0|
    |icmp_reg_795                                                            |   1|   0|    1|          0|
    |p_lcssa109119_fu_162                                                    |   8|   0|    8|          0|
    |p_lcssa109119_load_reg_826                                              |   8|   0|    8|          0|
    |p_lcssa110122_fu_166                                                    |   8|   0|    8|          0|
    |p_lcssa110122_load_reg_831                                              |   8|   0|    8|          0|
    |p_lcssa127141_fu_150                                                    |   8|   0|    8|          0|
    |p_lcssa127141_load_reg_808                                              |   8|   0|    8|          0|
    |p_lcssa128144_fu_154                                                    |   8|   0|    8|          0|
    |p_lcssa128144_load_reg_813                                              |   8|   0|    8|          0|
    |p_lcssa92101_fu_174                                                     |   8|   0|    8|          0|
    |p_lcssa92101_load_reg_839                                               |   8|   0|    8|          0|
    |p_lcssa93104_fu_178                                                     |   8|   0|    8|          0|
    |p_lcssa93104_load_reg_844                                               |   8|   0|    8|          0|
    |sub122_reg_736                                                          |  13|   0|   13|          0|
    |sub213_reg_667                                                          |  13|   0|   13|          0|
    |sub44_reg_785                                                           |  13|   0|   13|          0|
    |trunc_ln658_2_reg_775                                                   |  13|   0|   13|          0|
    |trunc_ln700_2_reg_726                                                   |  13|   0|   13|          0|
    |trunc_ln741_2_reg_657                                                   |  13|   0|   13|          0|
    |trunc_ln753_reg_818                                                     |   1|   0|    1|          0|
    |widthInPix_reg_617                                                      |  15|   0|   15|          0|
    |y_1_fu_158                                                              |  12|   0|   12|          0|
    |y_2_fu_146                                                              |  12|   0|   12|          0|
    |y_fu_170                                                                |  12|   0|   12|          0|
    +------------------------------------------------------------------------+----+----+-----+-----------+
    |Total                                                                   | 255|   0|  255|          0|
    +------------------------------------------------------------------------+----+----+-----+-----------+



================================================================
== Interface
================================================================
* Summary: 
+------------------------------------+-----+-----+------------+----------------------+--------------+
|              RTL Ports             | Dir | Bits|  Protocol  |     Source Object    |    C Type    |
+------------------------------------+-----+-----+------------+----------------------+--------------+
|ap_clk                              |   in|    1|  ap_ctrl_hs|  MultiPixStream2Bytes|  return value|
|ap_rst                              |   in|    1|  ap_ctrl_hs|  MultiPixStream2Bytes|  return value|
|ap_start                            |   in|    1|  ap_ctrl_hs|  MultiPixStream2Bytes|  return value|
|ap_done                             |  out|    1|  ap_ctrl_hs|  MultiPixStream2Bytes|  return value|
|ap_continue                         |   in|    1|  ap_ctrl_hs|  MultiPixStream2Bytes|  return value|
|ap_idle                             |  out|    1|  ap_ctrl_hs|  MultiPixStream2Bytes|  return value|
|ap_ready                            |  out|    1|  ap_ctrl_hs|  MultiPixStream2Bytes|  return value|
|img_dout                            |   in|   24|     ap_fifo|                   img|       pointer|
|img_num_data_valid                  |   in|    3|     ap_fifo|                   img|       pointer|
|img_fifo_cap                        |   in|    3|     ap_fifo|                   img|       pointer|
|img_empty_n                         |   in|    1|     ap_fifo|                   img|       pointer|
|img_read                            |  out|    1|     ap_fifo|                   img|       pointer|
|bytePlanes_plane0_din               |  out|   64|     ap_fifo|     bytePlanes_plane0|       pointer|
|bytePlanes_plane0_num_data_valid    |   in|   11|     ap_fifo|     bytePlanes_plane0|       pointer|
|bytePlanes_plane0_fifo_cap          |   in|   11|     ap_fifo|     bytePlanes_plane0|       pointer|
|bytePlanes_plane0_full_n            |   in|    1|     ap_fifo|     bytePlanes_plane0|       pointer|
|bytePlanes_plane0_write             |  out|    1|     ap_fifo|     bytePlanes_plane0|       pointer|
|bytePlanes_plane1_din               |  out|   64|     ap_fifo|     bytePlanes_plane1|       pointer|
|bytePlanes_plane1_num_data_valid    |   in|   11|     ap_fifo|     bytePlanes_plane1|       pointer|
|bytePlanes_plane1_fifo_cap          |   in|   11|     ap_fifo|     bytePlanes_plane1|       pointer|
|bytePlanes_plane1_full_n            |   in|    1|     ap_fifo|     bytePlanes_plane1|       pointer|
|bytePlanes_plane1_write             |  out|    1|     ap_fifo|     bytePlanes_plane1|       pointer|
|Height_val                          |   in|   12|   ap_stable|            Height_val|        scalar|
|WidthInBytes_val_dout               |   in|   15|     ap_fifo|      WidthInBytes_val|       pointer|
|WidthInBytes_val_num_data_valid     |   in|    3|     ap_fifo|      WidthInBytes_val|       pointer|
|WidthInBytes_val_fifo_cap           |   in|    3|     ap_fifo|      WidthInBytes_val|       pointer|
|WidthInBytes_val_empty_n            |   in|    1|     ap_fifo|      WidthInBytes_val|       pointer|
|WidthInBytes_val_read               |  out|    1|     ap_fifo|      WidthInBytes_val|       pointer|
|VideoFormat_val                     |   in|    6|   ap_stable|       VideoFormat_val|        scalar|
|WidthInBytes_val2_c_din             |  out|   15|     ap_fifo|   WidthInBytes_val2_c|       pointer|
|WidthInBytes_val2_c_num_data_valid  |   in|    3|     ap_fifo|   WidthInBytes_val2_c|       pointer|
|WidthInBytes_val2_c_fifo_cap        |   in|    3|     ap_fifo|   WidthInBytes_val2_c|       pointer|
|WidthInBytes_val2_c_full_n          |   in|    1|     ap_fifo|   WidthInBytes_val2_c|       pointer|
|WidthInBytes_val2_c_write           |  out|    1|     ap_fifo|   WidthInBytes_val2_c|       pointer|
+------------------------------------+-----+-----+------------+----------------------+--------------+

